// Jest Snapshot v1, https://goo.gl/fbAQLP

exports[`Snapshot match 1`] = `
<button
  className="tc-btn tc-blue-btn"
  onClick={[Function]}
  type="button"
/>
`;
