// Jest Snapshot v1, https://goo.gl/fbAQLP

exports[`Matches shallow shapshot 1`] = `
<table
  className="src-shared-components-Leaderboard-LeaderboardTable-___styles__LeaderboardTable___3gXz5"
>
  <thead>
    <tr>
      <th
        className="src-shared-components-Leaderboard-LeaderboardTable-___styles__col-rank___2K_CR"
      >
        Rank
      </th>
      <th>
        Â 
      </th>
      <th
        className="src-shared-components-Leaderboard-LeaderboardTable-___styles__col-handle___3Sr8G"
      >
        Handle
      </th>
      <th
        className="src-shared-components-Leaderboard-LeaderboardTable-___styles__col-challenges___29htm"
      >
        # of Challenges
      </th>
      <th
        className="src-shared-components-Leaderboard-LeaderboardTable-___styles__col-points___10Lis"
      >
        Points
      </th>
    </tr>
  </thead>
  <tbody>
    <tr>
      <td
        className="src-shared-components-Leaderboard-LeaderboardTable-___styles__col-rank___2K_CR"
      >
        1
      </td>
      <td
        className="src-shared-components-Leaderboard-LeaderboardTable-___styles__col-avatar___1xu8j"
      >
        <span
          className="src-shared-components-Leaderboard-LeaderboardTable-___styles__leaderboard-avatar___3Ly7x"
        >
          <ThemedAvatar
            composeAdhocTheme="deeply"
            composeContextTheme="softly"
            mapThemrProps={[Function]}
            theme={
              Object {
                "avatar": "src-shared-components-Leaderboard-avatarStyles___default___1bHTzy",
              }
            }
            themePriority="adhoc-context-default"
            url="https://d1aahxkjiobka8.cloudfront.net/avatar/some.fake.string?size=65"
          />
        </span>
      </td>
      <td
        className="src-shared-components-Leaderboard-LeaderboardTable-___styles__col-handle___3Sr8G"
      >
        <a
          href="https://www.topcoder-dev.com/members/winnner/"
        >
          winnner
        </a>
        <div
          className="src-shared-components-Leaderboard-LeaderboardTable-___styles__winnings-info___1Fiyn"
        >
          <span>
            0
             
            points
          </span>
          <span>
            0
             
            challenges
          </span>
        </div>
      </td>
      <td
        className="src-shared-components-Leaderboard-LeaderboardTable-___styles__col-challenges___29htm"
      >
        0
      </td>
      <td
        className="src-shared-components-Leaderboard-LeaderboardTable-___styles__col-points___10Lis"
      >
        0
      </td>
    </tr>
    <tr>
      <td
        className="src-shared-components-Leaderboard-LeaderboardTable-___styles__col-rank___2K_CR"
      >
        1
      </td>
      <td
        className="src-shared-components-Leaderboard-LeaderboardTable-___styles__col-avatar___1xu8j"
      >
        <span
          className="src-shared-components-Leaderboard-LeaderboardTable-___styles__leaderboard-avatar___3Ly7x"
        >
          <ThemedAvatar
            composeAdhocTheme="deeply"
            composeContextTheme="softly"
            mapThemrProps={[Function]}
            theme={
              Object {
                "avatar": "src-shared-components-Leaderboard-avatarStyles___default___1bHTzy",
              }
            }
            themePriority="adhoc-context-default"
            url="https://d1aahxkjiobka8.cloudfront.net/avatar/some.fake.string?size=65"
          />
        </span>
      </td>
      <td
        className="src-shared-components-Leaderboard-LeaderboardTable-___styles__col-handle___3Sr8G"
      >
        <a
          href="https://www.topcoder-dev.com/members/winnner/"
        >
          winnner
        </a>
        <div
          className="src-shared-components-Leaderboard-LeaderboardTable-___styles__winnings-info___1Fiyn"
        >
          <span>
            0
             
            points
          </span>
          <span>
            0
             
            challenges
          </span>
        </div>
      </td>
      <td
        className="src-shared-components-Leaderboard-LeaderboardTable-___styles__col-challenges___29htm"
      >
        0
      </td>
      <td
        className="src-shared-components-Leaderboard-LeaderboardTable-___styles__col-points___10Lis"
      >
        0
      </td>
    </tr>
    <tr>
      <td
        className="src-shared-components-Leaderboard-LeaderboardTable-___styles__col-rank___2K_CR"
      >
        1
      </td>
      <td
        className="src-shared-components-Leaderboard-LeaderboardTable-___styles__col-avatar___1xu8j"
      >
        <span
          className="src-shared-components-Leaderboard-LeaderboardTable-___styles__leaderboard-avatar___3Ly7x"
        >
          <ThemedAvatar
            composeAdhocTheme="deeply"
            composeContextTheme="softly"
            mapThemrProps={[Function]}
            theme={
              Object {
                "avatar": "src-shared-components-Leaderboard-avatarStyles___default___1bHTzy",
              }
            }
            themePriority="adhoc-context-default"
            url="https://d1aahxkjiobka8.cloudfront.net/avatar/some.fake.string?size=65"
          />
        </span>
      </td>
      <td
        className="src-shared-components-Leaderboard-LeaderboardTable-___styles__col-handle___3Sr8G"
      >
        <a
          href="https://www.topcoder-dev.com/members/winnner/"
        >
          winnner
        </a>
        <div
          className="src-shared-components-Leaderboard-LeaderboardTable-___styles__winnings-info___1Fiyn"
        >
          <span>
            0
             
            points
          </span>
          <span>
            0
             
            challenges
          </span>
        </div>
      </td>
      <td
        className="src-shared-components-Leaderboard-LeaderboardTable-___styles__col-challenges___29htm"
      >
        0
      </td>
      <td
        className="src-shared-components-Leaderboard-LeaderboardTable-___styles__col-points___10Lis"
      >
        0
      </td>
    </tr>
    <tr>
      <td
        className="src-shared-components-Leaderboard-LeaderboardTable-___styles__col-rank___2K_CR"
      >
        1
      </td>
      <td
        className="src-shared-components-Leaderboard-LeaderboardTable-___styles__col-avatar___1xu8j"
      >
        <span
          className="src-shared-components-Leaderboard-LeaderboardTable-___styles__leaderboard-avatar___3Ly7x"
        >
          <ThemedAvatar
            composeAdhocTheme="deeply"
            composeContextTheme="softly"
            mapThemrProps={[Function]}
            theme={
              Object {
                "avatar": "src-shared-components-Leaderboard-avatarStyles___default___1bHTzy",
              }
            }
            themePriority="adhoc-context-default"
            url="https://d1aahxkjiobka8.cloudfront.net/avatar/%2Fassets%2Fa.jpg?size=65"
          />
        </span>
      </td>
      <td
        className="src-shared-components-Leaderboard-LeaderboardTable-___styles__col-handle___3Sr8G"
      >
        <a
          href="https://www.topcoder-dev.com/members/winnner/"
        >
          winnner
        </a>
        <div
          className="src-shared-components-Leaderboard-LeaderboardTable-___styles__winnings-info___1Fiyn"
        >
          <span>
            0
             
            points
          </span>
          <span>
            0
             
            challenges
          </span>
        </div>
      </td>
      <td
        className="src-shared-components-Leaderboard-LeaderboardTable-___styles__col-challenges___29htm"
      >
        0
      </td>
      <td
        className="src-shared-components-Leaderboard-LeaderboardTable-___styles__col-points___10Lis"
      >
        0
      </td>
    </tr>
  </tbody>
</table>
`;
