// Jest Snapshot v1, https://goo.gl/fbAQLP

exports[`Matches shallow snapshot 1`] = `
<TopcoderHeader
  activeTrigger={null}
  closeMenu={[Function]}
  closeMobileMenu={[Function]}
  closeSearch={[Function]}
  isMobile={false}
  mobileMenuOpened={false}
  openMenu={[Function]}
  openMobileMenu={[Function]}
  openSearch={[Function]}
  openedMenu={null}
  profile={Object {}}
  searchOpened={false}
  setCurrentNav={[Function]}
  store={
    Object {
      "dispatch": [Function],
      "getState": [Function],
      "subscribe": [Function],
    }
  }
  storeSubscription={
    Subscription {
      "listeners": Object {
        "notify": [Function],
      },
      "onStateChange": [Function],
      "parentSub": undefined,
      "store": Object {
        "dispatch": [Function],
        "getState": [Function],
        "subscribe": [Function],
      },
      "unsubscribe": null,
    }
  }
/>
`;
