// Jest Snapshot v1, https://goo.gl/fbAQLP

exports[`Match shadow snapshot 1`] = `
<ViewportLoader
  id={null}
  preview={false}
  query={
    Object {
      "fields.name": "Community 2 - Home Page",
    }
  }
/>
`;
