// Jest Snapshot v1, https://goo.gl/fbAQLP

exports[`Matches shallow shapshot 1`] = `
<div
  className="src-shared-components-TopcoderHeader-mobile-Search-___style__search___101Ux"
>
  <IconMagnifyingGlass
    className="src-shared-components-TopcoderHeader-mobile-Search-___style__icon___aCkZk"
    height="18"
    viewBox="0 0 18 18"
    width="18"
    xmlns="http://www.w3.org/2000/svg"
  />
  <input
    aria-label="Find members by username or skill"
    onKeyPress={[Function]}
    placeholder="Find members by username or skill"
  />
</div>
`;
