// Jest Snapshot v1, https://goo.gl/fbAQLP

exports[`Matches snapshot 1`] = `
<ul
  className="src-shared-components-TopcoderHeader-mobile-SubMenu-___style__sub-menu___TEWxN"
>
  <li
    className="src-shared-components-TopcoderHeader-mobile-SubMenu-___style__title___3DKHU"
  >
    Menu title
  </li>
  <li
    className="src-shared-components-TopcoderHeader-mobile-SubMenu-___style__item___2omud"
  >
    <a
      href="/LINK"
    >
      Item title
    </a>
  </li>
</ul>
`;
